00:00 +0: loading C:/Users/ta062/Desktop/app/dice/battle_for_the_cats/test/domain/game_logic_test.dart
00:00 +0: GameLogic - 蝓ｺ譛ｬ讖溯・ rollDice 1・・縺ｮ遽・峇蜀・・蛟､繧定ｿ斐☆
00:00 +1: GameLogic - 蝓ｺ譛ｬ讖溯・ rollDice 隍・焚蝗槫ｮ溯｡梧凾縺ｫ逡ｰ縺ｪ繧句､縺悟・迴ｾ縺吶ｋ・育｢ｺ邇・噪繝・せ繝茨ｼ・00:00 +2: GameLogic - 蝓ｺ譛ｬ讖溯・ generateRoomCode 6譁・ｭ励・繧ｳ繝ｼ繝峨ｒ逕滓・
00:00 +3: GameLogic - 蝓ｺ譛ｬ讖溯・ generateRoomCode 闍ｱ謨ｰ蟄励・縺ｿ縺ｧ讒区・縺輔ｌ繧・00:00 +4: GameLogic - 蝓ｺ譛ｬ讖溯・ generateRoomCode 隍・焚蝗槫ｮ溯｡梧凾縺ｫ縺ｻ縺ｼ繝ｦ繝九・繧ｯ縺ｪ繧ｳ繝ｼ繝峨′逕滓・縺輔ｌ繧・00:00 +5: GameLogic - 蝓ｺ譛ｬ讖溯・ generateRoomCode 險ｱ蜿ｯ縺輔ｌ縺ｦ縺・↑縺・枚蟄励・蜷ｫ縺ｾ縺ｪ縺・00:00 +6: GameLogic - 蝓ｺ譛ｬ讖溯・ generateRandomCats 3蛹ｹ縺ｮ迪ｫ繧堤函謌・00:00 +7: GameLogic - 蝓ｺ譛ｬ讖溯・ generateRandomCats 螳夂ｾｩ貂医∩縺ｮ迪ｫ縺ｮ遞ｮ鬘槭・縺ｿ繧堤函謌・00:00 +8: GameLogic - 蝓ｺ譛ｬ讖溯・ generateRandomCats 隍・焚蝗槫ｮ溯｡梧凾縺ｫ逡ｰ縺ｪ繧狗ｵ・∩蜷医ｏ縺帙′逕滓・縺輔ｌ繧・00:00 +9: GameLogic - 蝓ｺ譛ｬ讖溯・ generateRandomCats 驥崎､・☆繧狗賢縺悟性縺ｾ繧後ｋ縺薙→繧ゅ≠繧・00:00 +10: GameLogic - 蝓ｺ譛ｬ讖溯・ generateRandomCosts 謖・ｮ壽焚縺ｮ繧ｳ繧ｹ繝医ｒ逕滓・
00:00 +11: GameLogic - 蝓ｺ譛ｬ讖溯・ generateRandomCosts 1・・縺ｮ遽・峇蜀・・繧ｳ繧ｹ繝医ｒ逕滓・
00:00 +12: GameLogic - 蝓ｺ譛ｬ讖溯・ generateRandomCosts 隍・焚縺ｮ繧ｳ繧ｹ繝医′逕滓・縺輔ｌ繧・00:00 +13: GameLogic - 蝓ｺ譛ｬ讖溯・ generateRandomCosts 0蛟九・繧ｳ繧ｹ繝医ｒ逕滓・縺ｧ縺阪ｋ
00:00 +14: GameLogic - 蜍晏茜譚｡莉ｶ蛻､螳・checkWinCondition 3蛹ｹ譛ｪ貅縺ｧ縺ｯ蜍晏茜縺励↑縺・00:00 +15: GameLogic - 蜍晏茜譚｡莉ｶ蛻､螳・checkWinCondition 蜷後§遞ｮ鬘槭・迪ｫ縺・蛹ｹ縺ｧ蜍晏茜
00:00 +16: GameLogic - 蜍晏茜譚｡莉ｶ蛻､螳・checkWinCondition 蜷後§遞ｮ鬘槭・迪ｫ縺・蛹ｹ莉･荳翫〒蜍晏茜
00:00 +17: GameLogic - 蜍晏茜譚｡莉ｶ蛻､螳・checkWinCondition 逡ｰ縺ｪ繧狗ｨｮ鬘槭・迪ｫ縺・遞ｮ鬘槭〒蜍晏茜
00:00 +18: GameLogic - 蜍晏茜譚｡莉ｶ蛻､螳・checkWinCondition 逡ｰ縺ｪ繧狗ｨｮ鬘槭・迪ｫ縺・遞ｮ鬘・+ 霑ｽ蜉縺ｧ蜍晏茜
00:00 +19: GameLogic - 蜍晏茜譚｡莉ｶ蛻､螳・checkWinCondition 蜷後§遞ｮ鬘・蛹ｹ縺ｨ逡ｰ縺ｪ繧狗ｨｮ鬘・遞ｮ鬘槭〒縺ｯ蜍晏茜縺励↑縺・00:00 +20: GameLogic - 蜍晏茜譚｡莉ｶ蛻､螳・checkWinCondition 蜷後§遞ｮ鬘槭′2蛹ｹ縺ｨ逡ｰ縺ｪ繧狗ｨｮ鬘槭′2遞ｮ鬘橸ｼ郁ｨ・蛹ｹ・峨〒縺ｯ蜍晏茜縺励↑縺・00:00 +21: GameLogic - 繝ｩ繧ｦ繝ｳ繝臥ｵ先棡蛻､螳・迪ｫ縺ｮ迯ｲ蠕怜愛螳・繝帙せ繝医′蠢・ｦ・ｭ壽焚莉･荳翫ｒ雉ｭ縺代ｌ縺ｰ迯ｲ蠕暦ｼ医ご繧ｹ繝医′雉ｭ縺代↑縺代ｌ縺ｰ・・00:00 +22: GameLogic - 繝ｩ繧ｦ繝ｳ繝臥ｵ先棡蛻､螳・迪ｫ縺ｮ迯ｲ蠕怜愛螳・繝帙せ繝医′蠢・ｦ・ｭ壽焚譛ｪ貅縺ｪ繧臥佐蠕励〒縺阪↑縺・00:00 +23: GameLogic - 繝ｩ繧ｦ繝ｳ繝臥ｵ先棡蛻､螳・迪ｫ縺ｮ迯ｲ蠕怜愛螳・荳｡閠・′蠢・ｦ・ｭ壽焚莉･荳翫・蝣ｴ蜷医∝､壹￥雉ｭ縺代◆譁ｹ縺檎佐蠕・00:00 +24: GameLogic - 繝ｩ繧ｦ繝ｳ繝臥ｵ先棡蛻､螳・迪ｫ縺ｮ迯ｲ蠕怜愛螳・荳｡閠・′蜷後§驥上ｒ雉ｭ縺代ｌ縺ｰ繝峨Ο繝ｼ
00:00 +25: GameLogic - 繝ｩ繧ｦ繝ｳ繝臥ｵ先棡蛻､螳・迪ｫ縺ｮ迯ｲ蠕怜愛螳・隍・焚縺ｮ迪ｫ縺ｮ迯ｲ蠕怜愛螳壹′蜷梧凾縺ｫ陦後ｏ繧後ｋ
00:00 +26: GameLogic - 繝ｩ繧ｦ繝ｳ繝臥ｵ先棡蛻､螳・迪ｫ縺ｮ迯ｲ蠕怜愛螳・迯ｲ蠕励＠縺溽賢縺ｮ繧ｳ繧ｹ繝医′險倬鹸縺輔ｌ繧・00:00 +27: GameLogic - 繝ｩ繧ｦ繝ｳ繝臥ｵ先棡蛻､螳・繧ｲ繝ｼ繝譛邨らｵ先棡蛻､螳・繝帙せ繝医′逡ｰ縺ｪ繧狗ｨｮ鬘槭・迪ｫ3遞ｮ繧堤佐蠕励＠縺ｦ蜍晏茜
00:00 +28: GameLogic - 繝ｩ繧ｦ繝ｳ繝臥ｵ先棡蛻､螳・繧ｲ繝ｼ繝譛邨らｵ先棡蛻､螳・繧ｲ繧ｹ繝医′蜷後§遞ｮ鬘槭・迪ｫ3蛹ｹ迯ｲ蠕励＠縺ｦ蜍晏茜
00:00 +29: GameLogic - 繝ｩ繧ｦ繝ｳ繝臥ｵ先棡蛻､螳・繧ｲ繝ｼ繝譛邨らｵ先棡蛻､螳・縺ｩ縺｡繧峨ｂ蜍晏茜譚｡莉ｶ繧呈ｺ縺溘＆縺ｪ縺・ｴ蜷医・繧ｲ繝ｼ繝邯咏ｶ・00:00 +30: GameLogic - 繝ｩ繧ｦ繝ｳ繝臥ｵ先棡蛻､螳・繧ｲ繝ｼ繝譛邨らｵ先棡蛻､螳・荳｡閠・′蜷梧凾縺ｫ蜍晏茜譚｡莉ｶ繧呈ｺ縺溘＠縺溷ｴ蜷医∫ｴｯ險医さ繧ｹ繝医〒蛻､螳・00:00 +31: GameLogic - 繝ｩ繧ｦ繝ｳ繝臥ｵ先棡蛻､螳・繧ｲ繝ｼ繝譛邨らｵ先棡蛻､螳・荳｡閠・′蜷後§繧ｳ繧ｹ繝医〒蜷梧凾蜍晏茜縺励◆蝣ｴ蜷医√ラ繝ｭ繝ｼ
00:00 +32: GameLogic - 繧ｨ繝・ず繧ｱ繝ｼ繧ｹ 繝帙せ繝医→繧ｲ繧ｹ繝医・荳｡譁ｹ縺瑚ｳｭ縺代ｒ0縺ｧ謠仙・
00:00 +33: GameLogic - 繧ｨ繝・ず繧ｱ繝ｼ繧ｹ 繝帙せ繝医′蜈ｨ縺ｦ縺ｮ迪ｫ繧堤佐蠕・00:00 +34: GameLogic - 繧ｨ繝・ず繧ｱ繝ｼ繧ｹ 隍・焚繝ｩ繧ｦ繝ｳ繝峨〒迯ｲ蠕礼賢縺檎ｴｯ遨阪＆繧後ｋ
00:00 +35: All tests passed!
